Всего групп: 1
Группа 1
"111";"123";"222"
"200";"123";"100"
"300";"";"100"

