Всего групп: 6
Группа 1
"8";"427";""
"8";"527";"539"
"17";"121";"539"

Группа 2
"1";"22";"31"
"3";"23";"31"
"1";"21";"31"

Группа 3
"117";"";"37"
"7";"27";"37"

Группа 4
"9";"28";"637"
"10";"28";"647"

Группа 5
"4";"24";"34"
"4";"25";"35"

Группа 6
"5";"26";"36"
"6";"26";"36"

